// Jest Snapshot v1, https://goo.gl/fbAQLP

exports[`Login should render the component 1`] = `
Object {
  "asFragment": [Function],
  "baseElement": <body>
    <div>
      <div
        class="relative flex flex-col justify-center min-h-screen overflow-hidden"
      >
        <div
          class="w-full p-6 m-auto bg-white rounded-md shadow-md lg:max-w-xl"
        >
          <h1
            class="text-3xl font-semibold text-center text-black-700"
            data-testid="login-heading"
          >
            Employee Polls
          </h1>
          <img
            alt="login logo"
            src="loginLogo.png"
          />
          <h1
            class="text-3xl font-semibold text-center text-blue-700 underline mt-3"
          >
            Sign in
          </h1>
          <form
            class="mt-6"
          >
            <div
              class="mb-2"
            >
              <label
                class="block text-sm font-semibold text-gray-800"
                for="email"
              >
                Username
              </label>
              <input
                class="block w-full px-4 py-2 mt-2 text-blue-700 bg-white border rounded-md focus:border-blue-400 focus:ring-blue-300 focus:outline-none focus:ring focus:ring-opacity-40"
                data-testid="username"
                id="username"
                name="username"
                type="text"
                value="tylermcginnis"
              />
            </div>
            <div
              class="mb-2"
            >
              <label
                class="block text-sm font-semibold text-gray-800"
                for="password"
              >
                Password
              </label>
              <input
                class="block w-full px-4 py-2 mt-2 text-blue-700 bg-white border rounded-md focus:border-blue-400 focus:ring-blue-300 focus:outline-none focus:ring focus:ring-opacity-40"
                data-testid="password"
                id="password"
                name="password"
                type="password"
                value="abc321"
              />
            </div>
            <div
              class="mt-6 text-center"
            >
              <button
                class="bg-sky-500 hover:bg-sky-700 px-5 py-2.5 text-sm leading-5 rounded-md select-none"
                data-testid="submit"
                type="submit"
              >
                Login
              </button>
            </div>
          </form>
        </div>
      </div>
    </div>
  </body>,
  "container": <div>
    <div
      class="relative flex flex-col justify-center min-h-screen overflow-hidden"
    >
      <div
        class="w-full p-6 m-auto bg-white rounded-md shadow-md lg:max-w-xl"
      >
        <h1
          class="text-3xl font-semibold text-center text-black-700"
          data-testid="login-heading"
        >
          Employee Polls
        </h1>
        <img
          alt="login logo"
          src="loginLogo.png"
        />
        <h1
          class="text-3xl font-semibold text-center text-blue-700 underline mt-3"
        >
          Sign in
        </h1>
        <form
          class="mt-6"
        >
          <div
            class="mb-2"
          >
            <label
              class="block text-sm font-semibold text-gray-800"
              for="email"
            >
              Username
            </label>
            <input
              class="block w-full px-4 py-2 mt-2 text-blue-700 bg-white border rounded-md focus:border-blue-400 focus:ring-blue-300 focus:outline-none focus:ring focus:ring-opacity-40"
              data-testid="username"
              id="username"
              name="username"
              type="text"
              value="tylermcginnis"
            />
          </div>
          <div
            class="mb-2"
          >
            <label
              class="block text-sm font-semibold text-gray-800"
              for="password"
            >
              Password
            </label>
            <input
              class="block w-full px-4 py-2 mt-2 text-blue-700 bg-white border rounded-md focus:border-blue-400 focus:ring-blue-300 focus:outline-none focus:ring focus:ring-opacity-40"
              data-testid="password"
              id="password"
              name="password"
              type="password"
              value="abc321"
            />
          </div>
          <div
            class="mt-6 text-center"
          >
            <button
              class="bg-sky-500 hover:bg-sky-700 px-5 py-2.5 text-sm leading-5 rounded-md select-none"
              data-testid="submit"
              type="submit"
            >
              Login
            </button>
          </div>
        </form>
      </div>
    </div>
  </div>,
  "debug": [Function],
  "findAllByAltText": [Function],
  "findAllByDisplayValue": [Function],
  "findAllByLabelText": [Function],
  "findAllByPlaceholderText": [Function],
  "findAllByRole": [Function],
  "findAllByTestId": [Function],
  "findAllByText": [Function],
  "findAllByTitle": [Function],
  "findByAltText": [Function],
  "findByDisplayValue": [Function],
  "findByLabelText": [Function],
  "findByPlaceholderText": [Function],
  "findByRole": [Function],
  "findByTestId": [Function],
  "findByText": [Function],
  "findByTitle": [Function],
  "getAllByAltText": [Function],
  "getAllByDisplayValue": [Function],
  "getAllByLabelText": [Function],
  "getAllByPlaceholderText": [Function],
  "getAllByRole": [Function],
  "getAllByTestId": [Function],
  "getAllByText": [Function],
  "getAllByTitle": [Function],
  "getByAltText": [Function],
  "getByDisplayValue": [Function],
  "getByLabelText": [Function],
  "getByPlaceholderText": [Function],
  "getByRole": [Function],
  "getByTestId": [Function],
  "getByText": [Function],
  "getByTitle": [Function],
  "queryAllByAltText": [Function],
  "queryAllByDisplayValue": [Function],
  "queryAllByLabelText": [Function],
  "queryAllByPlaceholderText": [Function],
  "queryAllByRole": [Function],
  "queryAllByTestId": [Function],
  "queryAllByText": [Function],
  "queryAllByTitle": [Function],
  "queryByAltText": [Function],
  "queryByDisplayValue": [Function],
  "queryByLabelText": [Function],
  "queryByPlaceholderText": [Function],
  "queryByRole": [Function],
  "queryByTestId": [Function],
  "queryByText": [Function],
  "queryByTitle": [Function],
  "rerender": [Function],
  "unmount": [Function],
}
`;
